🚀 Initialisation de l'entraînement sur MPS...
✅ Tokenizer chargé (Vocab: 30256)
🚀 Device: mps
Dtype du modèle : torch.float32
📥 Chargement du checkpoint : model/my_wiki.pth
📈 Reprise : Wiki à 213223 | CulturaX à 66915 | 8
✅ Modèle restauré. Steps faits: 10200
✅ État de l'optimiseur restauré.
🚀 Dataset Train: 1293.11M tokens.
🚀 Dataset Val: 143.07M tokens.
🚀 Dataset CulturaX: 621.92M tokens.
🚀 Dataset Litteraire: 44.58M tokens.
✅ Provider HP initialisé : 3367466 blocs uniques. Epoch : 0
🔄 Reprise au batch 213223 [step : 213223]
✅ Provider HP initialisé : 1619593 blocs uniques. Epoch : 0
🔄 Reprise au batch 66915 [step : 66915]
✅ Provider HP initialisé : 116091 blocs uniques. Epoch : 1
🔄 Reprise au batch 15086 [step : 15086]
🔄 Mixer activé avec les sources : ['litt', 'cult', 'wiki']
🚀 Monitor activé : écriture dans model/monitor.log
🚀 Init terminé.
📦 Démarrage du mode binaire (Continuous Training)
🌡️  Surveillance Mac Pro : On lance MAc Fans Control pour refroidir ....
[96m[Model config][0m
  n_embd             : 768[0m
  num_heads          : 12[0m
  n_layers           : 12[0m
  block_size         : 384[0m
  dropout            : [93m0.15[0m
[96m[Train params][0m
  batch_size         : 8[0m
  grad_accum_steps   : 48[0m
  learning_rate      : [92m0.0003[0m
  min_lr             : 5e-05[0m
  warmup_iters       : 2000[0m
  lr_decay_iters     : 80000[0m
  eval_interval      : [92m50[0m
  eval_iters         : 20[0m
  save_interval      : 50[0m
  n_version          : 5[0m
  use_compile        : False[0m
  cult_data          : True[0m
  litt_data          : True[0m
  cult_ratio         : 0.35[0m
  litt_ratio         : 0.05[0m
  monitor_interval   : 5[0m
  [1mEffective Batch Size: 384[0m
..................................................

📦 Démarrage Training sur 3Go (Mode Continu)
   ▶️ Reprise au step : 10200
   📉 Evaluation tous les : 50 steps
   💾 Sauvegarde tous les : 50 steps
🟢 RAM Système: 50.3% | Process: 696Mo | Swap: 873Mo
step 10250: train loss 3.0175, val loss 2.9688, lr 2.93e-04 (4630.64s) | 🟡 Po: 73.7% SW: 1441Mo MPS: 2198Mo | 💾 | 🗑️ | ✨
step 10300: train loss 2.9157, val loss 2.9298, lr 2.93e-04 (4594.96s) | 🟡 Po: 80.2% SW: 1417Mo MPS: 2207Mo | 💾 | 🗑️ | ✨
step 10350: train loss 2.9309, val loss 2.9665, lr 2.93e-04 (4594.50s) | 🟡 Po: 80.8% SW: 1409Mo MPS: 2214Mo | 💾 | 🗑️ | ✨
step 10400: train loss 2.8898, val loss 3.0292, lr 2.93e-04 (4579.73s) | 🟡 Po: 81.4% SW: 1377Mo MPS: 2221Mo | 💾 | 🗑️ | ✨
step 10450: train loss 2.8823, val loss 2.9556, lr 2.93e-04 (4624.19s) | 🟡 Po: 82.2% SW: 1357Mo MPS: 2227Mo | 💾 | 🗑️ | ✨
step 10500: train loss 2.9080, val loss 2.9233, lr 2.93e-04 (4593.68s) | 🟡 Po: 77.9% SW: 1301Mo MPS: 2234Mo | 💾 | 🗑️ | ✨
step 10550: train loss 2.9736, val loss 2.9549, lr 2.93e-04 (4600.92s) | 🟡 Po: 78.1% SW: 1293Mo MPS: 2236Mo | 💾 | 🗑️ | ✨
step 10600: train loss 2.9349, val loss 2.9632, lr 2.93e-04 (4591.82s) | 🟡 Po: 81.0% SW: 1277Mo MPS: 2239Mo | 💾 | 🗑️ | ✨
step 10650: train loss 2.8989, val loss 2.9724, lr 2.92e-04 (4577.21s) | 🟡 Po: 81.5% SW: 1269Mo MPS: 2241Mo | 💾 | 🗑️ | ✨
step 10700: train loss 2.8628, val loss 2.9719, lr 2.92e-04 (4590.65s) | 🟡 Po: 81.4% SW: 1237Mo MPS: 2243Mo | 💾 | 🗑️ | ✨
step 10750: train loss 2.8707, val loss 2.9631, lr 2.92e-04 (4587.22s) | 🟡 Po: 78.6% SW: 1237Mo MPS: 2245Mo | 💾 | 🗑️ | ✨
step 10800: train loss 2.8943, val loss 2.9619, lr 2.92e-04 (4587.24s) | 🟡 Po: 78.9% SW: 1237Mo MPS: 2248Mo | 💾 | 🗑️ | ✨
step 10850: train loss 2.9369, val loss 2.9657, lr 2.92e-04 (4587.81s) | 🟡 Po: 79.4% SW: 1237Mo MPS: 2249Mo | 💾 | 🗑️ | ✨
step 10900: train loss 2.9273, val loss 2.9759, lr 2.92e-04 (4592.34s) | 🟡 Po: 81.8% SW: 1237Mo MPS: 2249Mo | 💾 | 🗑️ | ✨
