🚀 Initialisation de l'entraînement sur MPS...
✅ Tokenizer chargé (Vocab: 30256)
🚀 Device: mps
Dtype du modèle : torch.float32
📥 Chargement du checkpoint : model/my_wiki.pth
📈 Reprise : Wiki à 251975 | CulturaX à 89643 | 8
✅ Modèle restauré. Steps faits: 11550
✅ État de l'optimiseur restauré.
🚀 Dataset Train: 1293.11M tokens.
🚀 Dataset Val: 143.07M tokens.
🚀 Dataset CulturaX: 621.92M tokens.
🚀 Dataset Litteraire: 44.58M tokens.
✅ Provider HP initialisé : 3367466 blocs uniques. Epoch : 0
🔄 Reprise au batch 251975 [step : 251975]
✅ Provider HP initialisé : 1619593 blocs uniques. Epoch : 0
🔄 Reprise au batch 89643 [step : 89643]
✅ Provider HP initialisé : 116091 blocs uniques. Epoch : 1
🔄 Reprise au batch 18412 [step : 18412]
🔄 Mixer activé avec les sources : ['litt', 'cult', 'wiki']🚀 Monitor activé : écriture dans model/monitor.log
🚀 Init terminé.

📦 Démarrage du mode binaire (Continuous Training)
🌡️  Surveillance Mac Pro : On lance MAc Fans Control pour refroidir ....
[96m[Model config][0m
  n_embd             : 768[0m
  num_heads          : 12[0m
  n_layers           : 12[0m
  block_size         : 384[0m
  dropout            : [93m0.15[0m
[96m[Train params][0m
  batch_size         : 8[0m
  grad_accum_steps   : 48[0m
  learning_rate      : [92m0.0003[0m
  min_lr             : 5e-05[0m
  warmup_iters       : 2000[0m
  lr_decay_iters     : 80000[0m
  eval_interval      : [92m50[0m
  eval_iters         : 20[0m
  save_interval      : 50[0m
  n_version          : 5[0m
  use_compile        : False[0m
  cult_data          : True[0m
  litt_data          : True[0m
  cult_ratio         : 0.35[0m
  litt_ratio         : 0.05[0m
  monitor_interval   : 5[0m
  [1mEffective Batch Size: 384[0m
..................................................

📦 Démarrage Training sur 3Go (Mode Continu)
   ▶️ Reprise au step : 11550
   📉 Evaluation tous les : 50 steps
   💾 Sauvegarde tous les : 50 steps
🟢 RAM Système: 51.4% | Process: 707Mo | Swap: 1633Mo
step 11600: train loss 2.8702, val loss 2.9328, lr 2.91e-04 (4609.98s) | 🟡 Po: 74.2% SW: 1577Mo MPS: 2198Mo | 💾 | 🗑️ | ✨
step 11650: train loss 2.8016, val loss 2.9308, lr 2.91e-04 (4582.07s) | 🟡 Po: 80.9% SW: 1577Mo MPS: 2207Mo | 💾 | 🗑️ | ✨
step 11700: train loss 2.8715, val loss 2.9644, lr 2.91e-04 (4595.27s) | 🟡 Po: 80.8% SW: 1176Mo MPS: 2214Mo | 💾 | 🗑️ | ✨
step 11750: train loss 2.9215, val loss 2.9065, lr 2.90e-04 (4596.98s) | 🟡 Po: 81.1% SW: 1176Mo MPS: 2221Mo | 💾 | 🗑️ | ✨
step 11800: train loss 2.9090, val loss 2.9502, lr 2.90e-04 (4598.30s) | 🟡 Po: 82.1% SW: 1104Mo MPS: 2228Mo | 💾 | 🗑️ | ✨
step 11850: train loss 2.9225, val loss 2.9516, lr 2.90e-04 (4614.95s) | 🟡 Po: 81.8% SW: 1096Mo MPS: 2234Mo | 💾 | 🗑️ | ✨
step 11900: train loss 2.7502, val loss 2.9485, lr 2.90e-04 (4601.86s) | 🟡 Po: 83.8% SW: 1088Mo MPS: 2237Mo | 💾 | 🗑️ | ✨
step 11950: train loss 2.8714, val loss 2.9247, lr 2.90e-04 (4589.98s) | 🟡 Po: 79.5% SW: 1088Mo MPS: 2239Mo | 💾 | 🗑️ | ✨
step 12000: train loss 2.8409, val loss 2.9731, lr 2.90e-04 (4587.07s) | 🟡 Po: 79.2% SW: 1088Mo MPS: 2241Mo | 💾 | 🗑️ | ✨
step 12050: train loss 2.8207, val loss 2.9001, lr 2.90e-04 (4593.73s) | 🟡 Po: 79.6% SW: 1088Mo MPS: 2243Mo | 💾 | 🗑️ | ✨
step 12100: train loss 2.8472, val loss 2.9654, lr 2.90e-04 (4579.46s) | 🟡 Po: 79.6% SW: 1088Mo MPS: 2246Mo | 💾 | 🗑️ | ✨
step 12150: train loss 2.8892, val loss 3.0170, lr 2.90e-04 (4586.44s) | 🟡 Po: 82.5% SW: 1088Mo MPS: 2248Mo | 💾 | 🗑️ | ✨
step 12200: train loss 2.9375, val loss 2.9135, lr 2.90e-04 (4578.93s) | 🟡 Po: 82.9% SW: 1088Mo MPS: 2249Mo | 💾 | 🗑️ | ✨
step 12250: train loss 2.8605, val loss 2.8946, lr 2.90e-04 (4642.14s) | 🟡 Po: 83.4% SW: 1755Mo MPS: 2249Mo | 💾 | 🗑️ | ✨
