🚀 Initialisation de l'entraînement sur MPS...
✅ Tokenizer chargé (Vocab: 30256)
🚀 Device: mps
Dtype du modèle : torch.float32
📥 Chargement du checkpoint : model/my_wiki.pth
📈 Reprise : Wiki à 583902 | CulturaX à 205314 | 4
✅ Modèle restauré. Steps faits: 8650
✅ État de l'optimiseur restauré.
🚀 Dataset Train: 1293.11M tokens.
🚀 Dataset Val: 143.07M tokens.
🚀 Dataset CulturaX: 615.97M tokens.
🚀 Dataset Val: 5.96M tokens.
🚀 Dataset Litteraire: 43.75M tokens.
🚀 Dataset Val: 0.86M tokens.
✅ Provider HP initialisé : 2525599 blocs uniques. Epoch : 0
🔄 Reprise au batch 583902 [step : 583902]
✅ Provider HP initialisé : 1203058 blocs uniques. Epoch : 0
🔄 Reprise au batch 205314 [step : 205314]
✅ Provider HP initialisé : 85440 blocs uniques. Epoch : 1
🔄 Reprise au batch 41235 [step : 41235]
🔄 Mixer activé avec les sources : ['litt', 'cult', 'wiki']
🚀 Monitor activé : écriture dans model/monitor.log
🚀 Init terminé.
📦 Démarrage du mode binaire (Continuous Training)
🌡️  Surveillance Mac Pro : On lance MAc Fans Control pour refroidir ....
[96m[Model config][0m
  n_embd             : 896[0m
  num_heads          : 14[0m
  n_layers           : 16[0m
  block_size         : 512[0m
  dropout            : [93m0.1[0m
[96m[Train params][0m
  batch_size         : 4[0m
  grad_accum_steps   : 96[0m
  learning_rate      : [92m0.00035[0m
  min_lr             : 3.5e-05[0m
  warmup_iters       : 1500[0m
  lr_decay_iters     : 30000[0m
  eval_interval      : [92m10[0m
  eval_iters         : 10[0m
  save_interval      : 50[0m
  n_version          : 5[0m
  use_compile        : False[0m
  cult_data          : True[0m
  litt_data          : True[0m
  cult_ratio         : 0.25[0m
  litt_ratio         : 0.05[0m
  monitor_interval   : 2[0m
  [1mEffective Batch Size: 384[0m
..................................................

📦 Démarrage Training sur 3Go (Mode Continu)
   ▶️ Reprise au step : 8650
   📉 Evaluation tous les : 10 steps
   💾 Sauvegarde tous les : 50 steps
🟢 RAM Système: 64.8% | Process: 670Mo | Swap: 875Mo
step 8660: train loss 2.9162, val loss 2.8588, lr 3.03e-04 (2166.31s) | 🟢 Po: 69.7% SW: 1319Mo MPS: 3339Mo
step 8670: train loss 2.8681, val loss 2.8620, lr 3.03e-04 (2110.96s) | 🟡 Po: 71.9% SW: 1311Mo MPS: 3346Mo
step 8680: train loss 2.8816, val loss 2.9191, lr 3.03e-04 (2114.78s) | 🟡 Po: 75.4% SW: 1311Mo MPS: 3350Mo
step 8690: train loss 2.9299, val loss 2.8502, lr 3.03e-04 (2188.19s) | 🟡 Po: 77.0% SW: 1456Mo MPS: 3354Mo
step 8700: train loss 2.9746, val loss 2.8623, lr 3.03e-04 (2118.47s) | 🟡 Po: 78.3% SW: 1376Mo MPS: 3358Mo | 💾 | 🗑️ | ✨
step 8710: train loss 2.7816, val loss 2.9364, lr 3.03e-04 (2117.92s) | 🟡 Po: 78.8% SW: 1320Mo MPS: 3362Mo
step 8720: train loss 2.7966, val loss 2.8967, lr 3.03e-04 (2112.03s) | 🟡 Po: 74.7% SW: 1356Mo MPS: 3364Mo
step 8730: train loss 2.8398, val loss 2.8549, lr 3.03e-04 (2110.36s) | 🟡 Po: 71.5% SW: 1340Mo MPS: 3364Mo
step 8740: train loss 2.9654, val loss 2.8956, lr 3.02e-04 (2109.44s) | 🟡 Po: 75.2% SW: 1316Mo MPS: 3367Mo
step 8750: train loss 2.8029, val loss 2.9056, lr 3.02e-04 (2109.78s) | 🟡 Po: 75.2% SW: 1316Mo MPS: 3367Mo | 💾 | 🗑️ | ✨
step 8760: train loss 2.8251, val loss 2.9539, lr 3.02e-04 (2123.52s) | 🟡 Po: 74.3% SW: 1316Mo MPS: 3368Mo
step 8770: train loss 2.7941, val loss 2.8590, lr 3.02e-04 (2115.65s) | 🟡 Po: 71.5% SW: 1292Mo MPS: 3368Mo
step 8780: train loss 2.8171, val loss 2.8753, lr 3.02e-04 (2110.77s) | 🟡 Po: 74.6% SW: 1292Mo MPS: 3369Mo
step 8790: train loss 2.7792, val loss 2.8977, lr 3.02e-04 (2118.79s) | 🟡 Po: 81.0% SW: 1339Mo MPS: 3369Mo
step 8800: train loss 2.9153, val loss 2.8126, lr 3.02e-04 (2114.91s) | 🟡 Po: 78.3% SW: 1363Mo MPS: 3369Mo | 💾 | 🗑️ | ✨
step 8810: train loss 2.7584, val loss 2.9301, lr 3.02e-04 (2118.70s) | 🟡 Po: 80.3% SW: 1355Mo MPS: 3370Mo
step 8820: train loss 2.8394, val loss 2.9465, lr 3.01e-04 (2117.67s) | 🟡 Po: 80.8% SW: 1355Mo MPS: 3370Mo
