🚀 Initialisation de l'entraînement sur MPS...
✅ Tokenizer chargé (Vocab: 30256)
🚀 Device: mps
Dtype du modèle : torch.float32
📥 Chargement du checkpoint : model/my_wiki.pth
📈 Reprise : Wiki à 49800 | CulturaX à 0
✅ Modèle restauré. Steps faits: 49800
✅ État de l'optimiseur restauré.
🚀 Dataset Train: 1526.63M tokens.
🚀 Dataset Val: 169.63M tokens.
🚀 Dataset CulturaX: 621.92M tokens.
✅ Provider HP initialisé : 5963390 blocs uniques. Epoch : 1
🔄 Reprise au batch 199200 [step : 49800]
✅ Provider HP initialisé : 2429390 blocs uniques. Epoch : 0
🔄 Reprise au batch 0 [step : 0]
🚀 Init terminé.
📦 Démarrage du mode binaire (Continuous Training)
🌡️  Surveillance Mac Pro : Maintenir sous 75°C idéalement.
[96m[Model config][0m
  n_embd             : 384[0m
  num_heads          : 6[0m
  n_layers           : 6[0m
  block_size         : 256[0m
  dropout            : [93m0.1[0m
[96m[Train params][0m
  batch_size         : 32[0m
  grad_accum_steps   : 4[0m
  learning_rate      : [92m0.0003[0m
  min_lr             : 3e-05[0m
  warmup_iters       : 2000[0m
  lr_decay_iters     : 75000[0m
  eval_interval      : [92m300[0m
  eval_iters         : 20[0m
  save_interval      : 300[0m
  n_version          : 10[0m
  use_compile        : False[0m
  cult_data          : True[0m
  mixed_ratio        : 0.35[0m
  [1mEffective Batch Size: 128[0m
..................................................

📦 Démarrage Training sur 3Go (Mode Continu)
   ▶️ Reprise au step : 49800
   📉 Evaluation tous les : 300 steps
   💾 Sauvegarde tous les : 300 steps
🟢 RAM Système: 61.3% | Process: 521Mo | Swap: 1735Mo
step 50100: train loss 2.7109, val loss 2.6912, lr 1.00e-04 (1505.46s) | 🟡 Po: 73.5% SW: 1297Mo MPS: 1007Mo | 💾 | 🗑️ | ✨
step 50400: train loss 2.6615, val loss 2.6424, lr 9.89e-05 (1507.41s) | 🟡 Po: 70.9% SW: 1113Mo MPS: 1010Mo | 💾 | 🗑️ | ✨
step 50700: train loss 2.6786, val loss 2.6464, lr 9.73e-05 (1589.84s) | 🟡 Po: 76.5% SW: 1081Mo MPS: 1015Mo | 💾 | 🗑️ | ✨
step 51000: train loss 2.6666, val loss 2.6769, lr 9.58e-05 (1553.28s) | 🟡 Po: 74.4% SW: 1065Mo MPS: 1015Mo | 💾 | 🗑️ | ✨
step 51300: train loss 2.6619, val loss 2.6819, lr 9.43e-05 (1569.79s) | 🟡 Po: 79.3% SW: 1057Mo MPS: 1015Mo | 💾 | 🗑️ | ✨
step 51600: train loss 2.6311, val loss 2.6784, lr 9.29e-05 (1553.08s) | 🟡 Po: 74.6% SW: 1057Mo MPS: 1015Mo | 💾 | 🗑️ | ✨
step 51900: train loss 2.7454, val loss 2.6513, lr 9.14e-05 (1570.98s) | 🟡 Po: 76.2% SW: 733Mo MPS: 1015Mo | 💾 | 🗑️ | ✨
step 52200: train loss 2.6442, val loss 2.5989, lr 8.99e-05 (1552.46s) | 🟡 Po: 75.1% SW: 733Mo MPS: 1015Mo | 💾 | 🗑️ | ✨
step 52500: train loss 2.6594, val loss 2.6871, lr 8.85e-05 (1551.89s) | 🟡 Po: 79.5% SW: 733Mo MPS: 1015Mo | 💾 | 🗑️ | ✨
step 52800: train loss 2.6580, val loss 2.6247, lr 8.71e-05 (1570.50s) | 🟡 Po: 73.6% SW: 733Mo MPS: 1015Mo | 💾 | 🗑️ | ✨
step 53100: train loss 2.6685, val loss 2.6517, lr 8.57e-05 (1552.32s) | 🟡 Po: 74.1% SW: 725Mo MPS: 1015Mo | 💾 | 🗑️ | ✨
step 53400: train loss 2.7075, val loss 2.6687, lr 8.43e-05 (1551.92s) | 🟡 Po: 74.1% SW: 725Mo MPS: 1015Mo | 💾 | 🗑️ | ✨
step 53700: train loss 2.6633, val loss 2.6564, lr 8.29e-05 (1566.53s) | 🟡 Po: 83.2% SW: 709Mo MPS: 1015Mo | 💾 | 🗑️ | ✨
step 54000: train loss 2.6812, val loss 2.6819, lr 8.15e-05 (1497.84s) | 🟡 Po: 74.8% SW: 694Mo MPS: 1015Mo | 💾 | 🗑️ | ✨
step 54300: train loss 2.6963, val loss 2.6809, lr 8.01e-05 (1487.75s) | 🟡 Po: 73.7% SW: 638Mo MPS: 1015Mo | 💾 | 🗑️ | ✨
step 54600: train loss 2.6431, val loss 2.6045, lr 7.88e-05 (1541.48s) | 🟡 Po: 80.6% SW: 638Mo MPS: 1015Mo | 💾 | 🗑️ | ✨
step 54900: train loss 2.7165, val loss 2.6628, lr 7.74e-05 (1571.59s) | 🟡 Po: 75.4% SW: 638Mo MPS: 1015Mo | 💾 | 🗑️ | ✨
step 55200: train loss 2.7066, val loss 2.6351, lr 7.61e-05 (1552.09s) | 🟡 Po: 81.4% SW: 622Mo MPS: 1015Mo | 💾 | 🗑️ | ✨
step 55500: train loss 2.6228, val loss 2.6487, lr 7.48e-05 (1552.25s) | 🟡 Po: 81.9% SW: 622Mo MPS: 1015Mo | 💾 | 🗑️ | ✨
step 55800: train loss 2.6416, val loss 2.6175, lr 7.35e-05 (1552.05s) | 🟡 Po: 76.0% SW: 622Mo MPS: 1015Mo | 💾 | 🗑️ | ✨
step 56100: train loss 2.6803, val loss 2.7085, lr 7.23e-05 (1554.43s) | 🟡 Po: 76.3% SW: 622Mo MPS: 1015Mo | 💾 | 🗑️ | ✨
step 56400: train loss 2.6378, val loss 2.6861, lr 7.10e-05 (1570.39s) | 🟡 Po: 76.2% SW: 614Mo MPS: 1015Mo | 💾 | 🗑️ | ✨
step 56700: train loss 2.7098, val loss 2.7243, lr 6.98e-05 (1571.93s) | 🟡 Po: 76.0% SW: 614Mo MPS: 1015Mo | 💾 | 🗑️ | ✨
step 57000: train loss 2.6427, val loss 2.6851, lr 6.85e-05 (1553.49s) | 🟡 Po: 76.8% SW: 614Mo MPS: 1015Mo | 💾 | 🗑️ | ✨
step 57300: train loss 2.6137, val loss 2.6723, lr 6.73e-05 (1553.92s) | 🟡 Po: 82.6% SW: 614Mo MPS: 1015Mo | 💾 | 🗑️ | ✨
step 57600: train loss 2.6890, val loss 2.7061, lr 6.61e-05 (1573.26s) | 🟡 Po: 82.4% SW: 606Mo MPS: 1015Mo | 💾 | 🗑️ | ✨
step 57900: train loss 2.6710, val loss 2.6866, lr 6.49e-05 (1572.58s) | 🟡 Po: 79.7% SW: 1133Mo MPS: 1015Mo | 💾 | 🗑️ | ✨
step 58200: train loss 2.6873, val loss 2.6096, lr 6.38e-05 (1553.21s) | 🟡 Po: 79.5% SW: 1125Mo MPS: 1015Mo | 💾 | 🗑️ | ✨
step 58500: train loss 2.7254, val loss 2.6592, lr 6.26e-05 (1552.22s) | 🟡 Po: 81.9% SW: 1117Mo MPS: 1015Mo | 💾 | 🗑️ | ✨
step 58800: train loss 2.6702, val loss 2.6360, lr 6.15e-05 (1551.98s) | 🟡 Po: 81.7% SW: 1117Mo MPS: 1015Mo | 💾 | 🗑️ | ✨
step 59100: train loss 2.6906, val loss 2.7009, lr 6.04e-05 (1553.31s) | 🟡 Po: 82.3% SW: 1117Mo MPS: 1015Mo | 💾 | 🗑️ | ✨
step 59400: train loss 2.6219, val loss 2.6685, lr 5.93e-05 (1553.18s) | 🟡 Po: 81.8% SW: 1117Mo MPS: 1015Mo | 💾 | 🗑️ | ✨
step 59700: train loss 2.5871, val loss 2.6957, lr 5.82e-05 (1552.86s) | 🟡 Po: 75.7% SW: 1117Mo MPS: 1015Mo | 💾 | 🗑️ | ✨
step 60000: train loss 2.6640, val loss 2.7110, lr 5.72e-05 (1569.57s) | 🟡 Po: 81.3% SW: 1109Mo MPS: 1015Mo | 💾 | 🗑️ | ✨
step 60300: train loss 2.6253, val loss 2.6325, lr 5.61e-05 (1552.77s) | 🟡 Po: 75.1% SW: 1101Mo MPS: 1015Mo | 💾 | 🗑️ | ✨
step 60600: train loss 2.6444, val loss 2.6495, lr 5.51e-05 (1552.51s) | 🔴 Po: 85.3% SW: 1101Mo MPS: 1015Mo | 💾 | 🗑️ | ✨
step 60900: train loss 2.6784, val loss 2.6373, lr 5.41e-05 (1569.72s) | 🟡 Po: 82.0% SW: 1093Mo MPS: 1015Mo | 💾 | 🗑️ | ✨
step 61200: train loss 2.6607, val loss 2.6674, lr 5.31e-05 (1553.20s) | 🟡 Po: 82.0% SW: 1093Mo MPS: 1015Mo | 💾 | 🗑️ | ✨
step 61500: train loss 2.6618, val loss 2.6698, lr 5.22e-05 (1552.24s) | 🟡 Po: 76.2% SW: 1085Mo MPS: 1015Mo | 💾 | 🗑️ | ✨
step 61800: train loss 2.6468, val loss 2.6621, lr 5.12e-05 (1571.49s) | 🟡 Po: 76.6% SW: 1045Mo MPS: 1015Mo | 💾 | 🗑️ | ✨
step 62100: train loss 2.6319, val loss 2.6938, lr 5.03e-05 (1556.96s) | 🟡 Po: 75.4% SW: 1250Mo MPS: 1015Mo | 💾 | 🗑️ | ✨
step 62400: train loss 2.6455, val loss 2.6601, lr 4.94e-05 (1526.87s) | 🟡 Po: 78.7% SW: 3116Mo MPS: 1015Mo | 💾 | 🗑️ | ✨
step 62700: train loss 2.6205, val loss 2.6479, lr 4.85e-05 (1501.94s) | 🟡 Po: 77.4% SW: 2596Mo MPS: 1015Mo | 💾 | 🗑️ | ✨
step 63000: train loss 2.6490, val loss 2.6727, lr 4.76e-05 (1495.16s) | 🟡 Po: 77.7% SW: 3139Mo MPS: 1015Mo | 💾 | 🗑️ | ✨
step 63300: train loss 2.6310, val loss 2.6665, lr 4.68e-05 (1531.78s) | 🟡 Po: 80.4% SW: 3043Mo MPS: 1015Mo | 💾 | 🗑️ | ✨
step 63600: train loss 2.5958, val loss 2.6566, lr 4.59e-05 (1516.49s) | 🟡 Po: 71.8% SW: 2995Mo MPS: 1015Mo | 💾 | 🗑️ | ✨
step 63900: train loss 2.6504, val loss 2.6738, lr 4.51e-05 (1512.88s) | 🟡 Po: 76.3% SW: 2977Mo MPS: 1015Mo | 💾 | 🗑️ | ✨
step 64200: train loss 2.5976, val loss 2.6347, lr 4.43e-05 (1524.25s) | 🟡 Po: 76.4% SW: 2840Mo MPS: 1015Mo | 💾 | 🗑️ | ✨
step 64500: train loss 2.6551, val loss 2.6575, lr 4.36e-05 (1504.10s) | 🟡 Po: 83.2% SW: 2822Mo MPS: 1015Mo | 💾 | 🗑️ | ✨
step 64800: train loss 2.6300, val loss 2.6258, lr 4.28e-05 (1516.74s) | 🟡 Po: 81.5% SW: 3395Mo MPS: 1015Mo | 💾 | 🗑️ | ✨
