🚀 Initialisation de l'entraînement sur MPS...
✅ Tokenizer chargé (Vocab: 30256)
🚀 Device: mps
Dtype du modèle : torch.float32
📥 Chargement du checkpoint : model/my_wiki.pth
📈 Reprise : Wiki à 411356 | CulturaX à 246274 | 8
✅ Modèle restauré. Steps faits: 44800
✅ État de l'optimiseur restauré.
🚀 Dataset Train: 1526.63M tokens.
🚀 Dataset Val: 169.63M tokens.
🚀 Dataset CulturaX: 621.92M tokens.
🚀 Dataset Litteraire: 44.58M tokens.
✅ Provider HP initialisé : 5963390 blocs uniques. Epoch : 0
🔄 Reprise au batch 411356 [step : 411356]
✅ Provider HP initialisé : 2429390 blocs uniques. Epoch : 0
🔄 Reprise au batch 246274 [step : 246274]
✅ Provider HP initialisé : 174137 blocs uniques. Epoch : 0
🔄 Reprise au batch 0 [step : 0]
🔄 Mixer activé avec les sources : ['litt', 'cult', 'wiki']
🚀 Monitor activé : écriture dans model/monitor.log
🚀 Init terminé.
📦 Démarrage du mode binaire (Continuous Training)
🌡️  Surveillance Mac Pro : On lance MAc Fans Control pour refroidir ....
[96m[Model config][0m
  n_embd             : 768[0m
  num_heads          : 12[0m
  n_layers           : 10[0m
  block_size         : 256[0m
  dropout            : [93m0.15[0m
[96m[Train params][0m
  batch_size         : 8[0m
  grad_accum_steps   : 16[0m
  learning_rate      : [92m0.0003[0m
  min_lr             : 3e-05[0m
  warmup_iters       : 2000[0m
  lr_decay_iters     : 80000[0m
  eval_interval      : [92m200[0m
  eval_iters         : 20[0m
  save_interval      : 200[0m
  n_version          : 5[0m
  use_compile        : False[0m
  cult_data          : True[0m
  litt_data          : True[0m
  mixed_ratio        : 0.3[0m
  litt_ratio         : 0.5[0m
  ema_decay          : 0.0[0m
  monitor_interval   : 10[0m
  [1mEffective Batch Size: 128[0m
..................................................

📦 Démarrage Training sur 3Go (Mode Continu)
   ▶️ Reprise au step : 44800
   📉 Evaluation tous les : 200 steps
   💾 Sauvegarde tous les : 200 steps
🟢 RAM Système: 44.9% | Process: 658Mo | Swap: 1260Mo
step 45000: train loss 2.3195, val loss 2.3981, lr 1.43e-04 (3222.97s) | 🟢 Po: 66.3% SW: 1252Mo MPS: 1981Mo | 💾 | 🗑️ | ✨
step 45200: train loss 2.5378, val loss 2.4668, lr 1.42e-04 (3223.40s) | 🟡 Po: 72.3% SW: 1204Mo MPS: 1981Mo | 💾 | 🗑️ | ✨
step 45400: train loss 2.4891, val loss 2.6119, lr 1.41e-04 (3236.97s) | 🟡 Po: 74.7% SW: 1188Mo MPS: 1981Mo | 💾 | 🗑️ | ✨
step 45600: train loss 2.5016, val loss 2.5116, lr 1.40e-04 (3244.54s) | 🟡 Po: 71.6% SW: 1188Mo MPS: 1981Mo | 💾 | 🗑️ | ✨
step 45800: train loss 2.4851, val loss 2.4822, lr 1.39e-04 (3236.12s) | 🟡 Po: 72.6% SW: 1172Mo MPS: 1981Mo | 💾 | 🗑️ | ✨
step 46000: train loss 2.4430, val loss 2.5443, lr 1.38e-04 (3252.49s) | 🟡 Po: 72.9% SW: 1164Mo MPS: 1981Mo | 💾 | 🗑️ | ✨
step 46200: train loss 2.4648, val loss 2.5130, lr 1.37e-04 (3268.73s) | 🟡 Po: 74.0% SW: 1164Mo MPS: 1981Mo | 💾 | 🗑️ | ✨
