🚀 Initialisation de l'entraînement sur MPS...
vous devrez soit lire un fichier soit envoyer un texte pour lancer le tokenizer
✅ Tokenizer chargé (Vocab: 30256)
🚀 Device: mps
Dtype du modèle : torch.float32
📥 Chargement du checkpoint : model/my_wiki.pth
✅ Modèle restauré. (Fichiers déjà traités : 0)
🚀 Init terminé.
📦 Démarrage du mode binaire (Continuous Training)
🌡️  Surveillance Mac Pro : Maintenir sous 75°C idéalement.
📦 Démarrage Training sur 3Go (Mode Continu)
   ▶️ Reprise au step : 9600
   📉 Evaluation tous les : 25 steps
   💾 Sauvegarde tous les : 100 steps
step 9625: train loss 2.9463, val loss 2.9587, lr 4.71e-04 (144.45s)
step 9650: train loss 2.9276, val loss 2.9719, lr 4.71e-04 (172.39s)
step 9675: train loss 2.9568, val loss 2.9562, lr 4.71e-04 (191.13s)
step 9700: train loss 2.9599, val loss 2.9378, lr 4.71e-04 (195.80s)
💾 Sauvegarde du checkpoint...
🗑️ Ancien checkpoint supprimé : my_wiki_step_9200.pth
✨ Modèle d'inférence prêt : my_wiki_inference.pth
step 9725: train loss 2.9824, val loss 2.9554, lr 4.71e-04 (191.72s)
step 9750: train loss 2.9380, val loss 2.9386, lr 4.70e-04 (180.00s)
step 9775: train loss 2.9124, val loss 2.9446, lr 4.70e-04 (172.37s)
step 9800: train loss 2.9730, val loss 3.0020, lr 4.70e-04 (195.55s)
💾 Sauvegarde du checkpoint...
🗑️ Ancien checkpoint supprimé : my_wiki_step_9300.pth
✨ Modèle d'inférence prêt : my_wiki_inference.pth
step 9825: train loss 2.9345, val loss 2.9460, lr 4.70e-04 (197.72s)
step 9850: train loss 2.9858, val loss 2.9446, lr 4.70e-04 (184.47s)
step 9875: train loss 2.9457, val loss 2.9611, lr 4.69e-04 (179.70s)
step 9900: train loss 2.9703, val loss 2.9461, lr 4.69e-04 (190.30s)
💾 Sauvegarde du checkpoint...
🗑️ Ancien checkpoint supprimé : my_wiki_step_9400.pth
✨ Modèle d'inférence prêt : my_wiki_inference.pth
step 9925: train loss 2.9567, val loss 2.9300, lr 4.69e-04 (183.48s)
step 9950: train loss 2.9631, val loss 2.9210, lr 4.69e-04 (171.62s)
step 9975: train loss 2.8993, val loss 2.9267, lr 4.69e-04 (193.33s)
step 10000: train loss 2.9232, val loss 2.9382, lr 4.69e-04 (187.91s)
💾 Sauvegarde du checkpoint...
🗑️ Ancien checkpoint supprimé : my_wiki_step_9500.pth
✨ Modèle d'inférence prêt : my_wiki_inference.pth
step 10025: train loss 2.9389, val loss 2.9581, lr 4.68e-04 (188.79s)
step 10050: train loss 2.9303, val loss 2.9797, lr 4.68e-04 (192.37s)
step 10075: train loss 2.9596, val loss 2.9259, lr 4.68e-04 (177.43s)
step 10100: train loss 2.9176, val loss 2.8928, lr 4.68e-04 (175.37s)
💾 Sauvegarde du checkpoint...
🗑️ Ancien checkpoint supprimé : my_wiki_step_9600.pth
✨ Modèle d'inférence prêt : my_wiki_inference.pth
step 10125: train loss 2.8643, val loss 2.9116, lr 4.68e-04 (200.13s)
step 10150: train loss 2.9256, val loss 2.9605, lr 4.67e-04 (192.69s)
step 10175: train loss 2.9853, val loss 2.9261, lr 4.67e-04 (189.34s)
step 10200: train loss 2.9492, val loss 2.9274, lr 4.67e-04 (191.31s)
💾 Sauvegarde du checkpoint...
🗑️ Ancien checkpoint supprimé : my_wiki_step_9700.pth
✨ Modèle d'inférence prêt : my_wiki_inference.pth
step 10225: train loss 2.9761, val loss 2.9430, lr 4.67e-04 (198.36s)
step 10250: train loss 2.9373, val loss 2.9184, lr 4.67e-04 (186.45s)
step 10275: train loss 2.9567, val loss 2.9531, lr 4.66e-04 (177.65s)
step 10300: train loss 2.9620, val loss 2.9392, lr 4.66e-04 (187.84s)
💾 Sauvegarde du checkpoint...
🗑️ Ancien checkpoint supprimé : my_wiki_step_9800.pth
✨ Modèle d'inférence prêt : my_wiki_inference.pth
step 10325: train loss 2.9139, val loss 2.9759, lr 4.66e-04 (197.23s)
step 10350: train loss 2.9268, val loss 2.9549, lr 4.66e-04 (180.94s)
step 10375: train loss 2.9453, val loss 2.9390, lr 4.66e-04 (172.34s)
step 10400: train loss 2.9403, val loss 2.9199, lr 4.65e-04 (180.98s)
💾 Sauvegarde du checkpoint...
🗑️ Ancien checkpoint supprimé : my_wiki_step_9900.pth
✨ Modèle d'inférence prêt : my_wiki_inference.pth
step 10425: train loss 2.9432, val loss 2.9555, lr 4.65e-04 (196.43s)
step 10450: train loss 2.9651, val loss 2.9075, lr 4.65e-04 (190.17s)
step 10475: train loss 2.9414, val loss 2.9516, lr 4.65e-04 (180.59s)
step 10500: train loss 2.9278, val loss 2.9373, lr 4.65e-04 (179.92s)
💾 Sauvegarde du checkpoint...
🗑️ Ancien checkpoint supprimé : my_wiki_step_10000.pth
✨ Modèle d'inférence prêt : my_wiki_inference.pth
step 10525: train loss 2.9561, val loss 2.9065, lr 4.64e-04 (186.66s)
step 10550: train loss 2.9378, val loss 2.8923, lr 4.64e-04 (173.18s)
step 10575: train loss 2.9157, val loss 2.9081, lr 4.64e-04 (173.23s)
step 10600: train loss 2.9205, val loss 2.9572, lr 4.64e-04 (181.82s)
💾 Sauvegarde du checkpoint...
🗑️ Ancien checkpoint supprimé : my_wiki_step_10100.pth
✨ Modèle d'inférence prêt : my_wiki_inference.pth
step 10625: train loss 2.9376, val loss 2.9148, lr 4.64e-04 (187.84s)
step 10650: train loss 2.8914, val loss 2.9491, lr 4.63e-04 (189.25s)
step 10675: train loss 2.9842, val loss 2.9328, lr 4.63e-04 (180.51s)
step 10700: train loss 2.9222, val loss 2.9211, lr 4.63e-04 (175.32s)
💾 Sauvegarde du checkpoint...
🗑️ Ancien checkpoint supprimé : my_wiki_step_10200.pth
✨ Modèle d'inférence prêt : my_wiki_inference.pth
step 10725: train loss 2.8959, val loss 2.9935, lr 4.63e-04 (174.86s)
step 10750: train loss 2.9059, val loss 2.9167, lr 4.63e-04 (175.99s)
step 10775: train loss 2.9014, val loss 2.9168, lr 4.62e-04 (177.56s)
step 10800: train loss 2.9852, val loss 2.9242, lr 4.62e-04 (180.64s)
💾 Sauvegarde du checkpoint...
🗑️ Ancien checkpoint supprimé : my_wiki_step_10300.pth
✨ Modèle d'inférence prêt : my_wiki_inference.pth
step 10825: train loss 2.9369, val loss 2.9033, lr 4.62e-04 (177.05s)
step 10850: train loss 2.9182, val loss 2.9159, lr 4.62e-04 (176.49s)
step 10875: train loss 2.9011, val loss 2.9374, lr 4.61e-04 (176.38s)
step 10900: train loss 2.9726, val loss 2.9547, lr 4.61e-04 (176.14s)
💾 Sauvegarde du checkpoint...
🗑️ Ancien checkpoint supprimé : my_wiki_step_10400.pth
✨ Modèle d'inférence prêt : my_wiki_inference.pth
step 10925: train loss 2.9391, val loss 2.9137, lr 4.61e-04 (180.56s)
step 10950: train loss 2.9425, val loss 2.9193, lr 4.61e-04 (174.72s)
step 10975: train loss 2.9595, val loss 2.8530, lr 4.61e-04 (181.43s)
step 11000: train loss 2.9693, val loss 2.9390, lr 4.60e-04 (184.35s)
💾 Sauvegarde du checkpoint...
🗑️ Ancien checkpoint supprimé : my_wiki_step_10500.pth
✨ Modèle d'inférence prêt : my_wiki_inference.pth
step 11025: train loss 2.9377, val loss 2.9256, lr 4.60e-04 (197.83s)
step 11050: train loss 2.9484, val loss 2.8826, lr 4.60e-04 (182.66s)
step 11075: train loss 2.9203, val loss 2.9070, lr 4.60e-04 (173.52s)
step 11100: train loss 2.9478, val loss 2.9282, lr 4.60e-04 (174.07s)
💾 Sauvegarde du checkpoint...
🗑️ Ancien checkpoint supprimé : my_wiki_step_10600.pth
✨ Modèle d'inférence prêt : my_wiki_inference.pth
