🚀 Initialisation de l'entraînement sur MPS...
vous devrez soit lire un fichier soit envoyer un texte pour lancer le tokenizer
✅ Tokenizer chargé (Vocab: 30256)
🚀 Device: mps
Dtype du modèle : torch.float32
📥 Chargement du checkpoint : model/my_wiki.pth
✅ Modèle restauré. (Fichiers déjà traités : 0)
🚀 Init terminé.
📦 Démarrage du mode binaire (Continuous Training)
🌡️  Surveillance Mac Pro : Maintenir sous 75°C idéalement.
📦 Démarrage Training sur 3Go (Mode Continu)
   ▶️ Reprise au step : 11100
   📉 Evaluation tous les : 50 steps
   💾 Sauvegarde tous les : 100 steps
step 11150: train loss 2.9196, val loss 2.9342, lr 4.59e-04 (301.37s)
step 11200: train loss 2.9172, val loss 2.9376, lr 4.59e-04 (345.36s)
💾 Sauvegarde du checkpoint...
🗑️ Ancien checkpoint supprimé : my_wiki_step_10700.pth
✨ Modèle d'inférence prêt : my_wiki_inference.pth
step 11250: train loss 2.9392, val loss 2.9467, lr 4.58e-04 (331.61s)
step 11300: train loss 2.8785, val loss 2.9625, lr 4.58e-04 (354.37s)
💾 Sauvegarde du checkpoint...
🗑️ Ancien checkpoint supprimé : my_wiki_step_10800.pth
✨ Modèle d'inférence prêt : my_wiki_inference.pth
step 11350: train loss 2.9415, val loss 2.9001, lr 4.57e-04 (333.94s)
step 11400: train loss 2.9272, val loss 2.9198, lr 4.57e-04 (338.48s)
💾 Sauvegarde du checkpoint...
🗑️ Ancien checkpoint supprimé : my_wiki_step_10900.pth
✨ Modèle d'inférence prêt : my_wiki_inference.pth
step 11450: train loss 2.9517, val loss 2.9370, lr 4.56e-04 (345.60s)
step 11500: train loss 2.9387, val loss 2.8985, lr 4.56e-04 (345.23s)
💾 Sauvegarde du checkpoint...
🗑️ Ancien checkpoint supprimé : my_wiki_step_11000.pth
✨ Modèle d'inférence prêt : my_wiki_inference.pth
step 11550: train loss 2.9401, val loss 2.9328, lr 4.56e-04 (331.59s)
step 11600: train loss 2.8932, val loss 2.9182, lr 4.55e-04 (319.24s)
💾 Sauvegarde du checkpoint...
🗑️ Ancien checkpoint supprimé : my_wiki_step_11100.pth
✨ Modèle d'inférence prêt : my_wiki_inference.pth
step 11650: train loss 2.8916, val loss 2.9021, lr 4.55e-04 (325.67s)
step 11700: train loss 2.9098, val loss 2.9068, lr 4.54e-04 (338.08s)
💾 Sauvegarde du checkpoint...
🗑️ Ancien checkpoint supprimé : my_wiki_step_11200.pth
✨ Modèle d'inférence prêt : my_wiki_inference.pth
step 11750: train loss 2.9316, val loss 2.9131, lr 4.54e-04 (339.33s)
step 11800: train loss 2.9442, val loss 2.9081, lr 4.53e-04 (347.06s)
💾 Sauvegarde du checkpoint...
🗑️ Ancien checkpoint supprimé : my_wiki_step_11300.pth
✨ Modèle d'inférence prêt : my_wiki_inference.pth
step 11850: train loss 2.8982, val loss 2.8904, lr 4.53e-04 (327.18s)
step 11900: train loss 2.9541, val loss 2.9161, lr 4.52e-04 (319.87s)
💾 Sauvegarde du checkpoint...
🗑️ Ancien checkpoint supprimé : my_wiki_step_11400.pth
✨ Modèle d'inférence prêt : my_wiki_inference.pth
step 11950: train loss 2.9243, val loss 2.8937, lr 4.52e-04 (315.66s)
step 12000: train loss 2.9152, val loss 2.9324, lr 4.51e-04 (314.96s)
💾 Sauvegarde du checkpoint...
🗑️ Ancien checkpoint supprimé : my_wiki_step_11500.pth
✨ Modèle d'inférence prêt : my_wiki_inference.pth
step 12050: train loss 2.9197, val loss 2.8960, lr 4.51e-04 (329.43s)
step 12100: train loss 2.9592, val loss 2.9320, lr 4.51e-04 (327.93s)
💾 Sauvegarde du checkpoint...
🗑️ Ancien checkpoint supprimé : my_wiki_step_11600.pth
✨ Modèle d'inférence prêt : my_wiki_inference.pth
step 12150: train loss 2.9080, val loss 2.9040, lr 4.50e-04 (334.88s)
step 12200: train loss 2.9567, val loss 2.9046, lr 4.50e-04 (338.31s)
💾 Sauvegarde du checkpoint...
🗑️ Ancien checkpoint supprimé : my_wiki_step_11700.pth
✨ Modèle d'inférence prêt : my_wiki_inference.pth
