🚀 Initialisation de l'entraînement sur MPS...
vous devrez soit lire un fichier soit envoyer un texte pour lancer le tokenizer
✅ Tokenizer chargé (Vocab: 30256)
🚀 Device: mps
Dtype du modèle : torch.float32
📥 Chargement du checkpoint : model/my_wiki.pth
✅ Modèle restauré. (Fichiers déjà traités : 0)
🚀 Init terminé.
📦 Démarrage du mode binaire (Continuous Training)
🌡️  Surveillance Mac Pro : Maintenir sous 75°C idéalement.
📦 Démarrage Training sur 3Go (Mode Continu)
   ▶️ Reprise au step : 1300
   📉 Evaluation tous les : 10 steps
   💾 Sauvegarde tous les : 100 steps
step 1310: train loss 4.1206, val loss 4.1695, lr 3.27e-04 (58.86s)
step 1320: train loss 4.1175, val loss 4.1436, lr 3.30e-04 (83.64s)
step 1330: train loss 4.1178, val loss 4.1530, lr 3.32e-04 (102.67s)
step 1340: train loss 4.0770, val loss 4.1257, lr 3.35e-04 (89.06s)
step 1350: train loss 4.1000, val loss 4.1234, lr 3.37e-04 (84.54s)
step 1360: train loss 4.1354, val loss 4.1559, lr 3.40e-04 (85.49s)
step 1370: train loss 4.0533, val loss 4.0875, lr 3.42e-04 (85.69s)
step 1380: train loss 4.0522, val loss 4.1082, lr 3.45e-04 (88.98s)
step 1390: train loss 4.0743, val loss 4.0676, lr 3.47e-04 (91.83s)
step 1400: train loss 4.0663, val loss 4.1154, lr 3.50e-04 (84.19s)
💾 Sauvegarde du checkpoint...
step 1410: train loss 3.9671, val loss 4.0969, lr 3.52e-04 (88.53s)
step 1420: train loss 4.0731, val loss 4.1066, lr 3.55e-04 (88.72s)
step 1430: train loss 4.0718, val loss 4.0864, lr 3.57e-04 (86.97s)
step 1440: train loss 4.0990, val loss 4.0651, lr 3.60e-04 (81.29s)
step 1450: train loss 4.1117, val loss 4.0659, lr 3.62e-04 (83.52s)
step 1460: train loss 4.0647, val loss 4.0333, lr 3.65e-04 (92.06s)
step 1470: train loss 4.0235, val loss 4.0508, lr 3.67e-04 (85.99s)
step 1480: train loss 4.0022, val loss 3.9783, lr 3.70e-04 (86.64s)
step 1490: train loss 4.0188, val loss 3.9708, lr 3.72e-04 (89.92s)
step 1500: train loss 3.9834, val loss 4.0341, lr 3.75e-04 (84.16s)
💾 Sauvegarde du checkpoint...
step 1510: train loss 4.0476, val loss 4.0495, lr 3.77e-04 (88.85s)
step 1520: train loss 4.0201, val loss 3.9749, lr 3.80e-04 (89.68s)
step 1530: train loss 3.9789, val loss 3.9915, lr 3.82e-04 (88.38s)
step 1540: train loss 3.9875, val loss 4.0037, lr 3.85e-04 (85.58s)
step 1550: train loss 3.9906, val loss 3.9865, lr 3.87e-04 (93.21s)
step 1560: train loss 3.9596, val loss 4.0429, lr 3.90e-04 (89.34s)
step 1570: train loss 3.9806, val loss 4.0042, lr 3.92e-04 (89.05s)
step 1580: train loss 3.9924, val loss 3.9323, lr 3.95e-04 (88.98s)
step 1590: train loss 3.9320, val loss 3.9521, lr 3.97e-04 (84.26s)
step 1600: train loss 3.9538, val loss 3.9260, lr 4.00e-04 (88.36s)
💾 Sauvegarde du checkpoint...
step 1610: train loss 3.9305, val loss 4.0090, lr 4.02e-04 (89.90s)
step 1620: train loss 3.9585, val loss 3.9598, lr 4.05e-04 (89.46s)
step 1630: train loss 3.9621, val loss 3.9249, lr 4.07e-04 (85.07s)
step 1640: train loss 3.9370, val loss 3.9426, lr 4.10e-04 (84.65s)
step 1650: train loss 3.9102, val loss 3.9155, lr 4.12e-04 (85.16s)
step 1660: train loss 3.8955, val loss 3.9156, lr 4.15e-04 (83.14s)
step 1670: train loss 3.9338, val loss 3.9144, lr 4.17e-04 (83.03s)
step 1680: train loss 3.9434, val loss 3.8949, lr 4.20e-04 (81.00s)
step 1690: train loss 3.8707, val loss 3.9023, lr 4.22e-04 (80.98s)
step 1700: train loss 3.9315, val loss 3.8828, lr 4.25e-04 (89.55s)
💾 Sauvegarde du checkpoint...
step 1710: train loss 3.8491, val loss 3.9091, lr 4.27e-04 (87.24s)
step 1720: train loss 3.8853, val loss 3.9418, lr 4.30e-04 (83.50s)
step 1730: train loss 3.9000, val loss 3.8849, lr 4.32e-04 (83.37s)
step 1740: train loss 3.8631, val loss 3.8937, lr 4.35e-04 (85.47s)
step 1750: train loss 3.8830, val loss 3.8325, lr 4.37e-04 (81.73s)
step 1760: train loss 3.8471, val loss 3.8852, lr 4.40e-04 (85.73s)
step 1770: train loss 3.8260, val loss 3.8228, lr 4.42e-04 (88.62s)
step 1780: train loss 3.8346, val loss 3.8324, lr 4.45e-04 (87.76s)
step 1790: train loss 3.7786, val loss 3.8343, lr 4.47e-04 (83.31s)
step 1800: train loss 3.7573, val loss 3.8536, lr 4.50e-04 (87.19s)
💾 Sauvegarde du checkpoint...
step 1810: train loss 3.7715, val loss 3.8141, lr 4.52e-04 (84.22s)
step 1820: train loss 3.8390, val loss 3.8195, lr 4.55e-04 (86.94s)
step 1830: train loss 3.7976, val loss 3.8319, lr 4.57e-04 (81.20s)
step 1840: train loss 3.8181, val loss 3.8249, lr 4.60e-04 (80.71s)
step 1850: train loss 3.8292, val loss 3.7811, lr 4.62e-04 (80.68s)
step 1860: train loss 3.8093, val loss 3.7937, lr 4.65e-04 (81.85s)
step 1870: train loss 3.7711, val loss 3.8205, lr 4.67e-04 (84.42s)
step 1880: train loss 3.7965, val loss 3.7415, lr 4.70e-04 (81.31s)
step 1890: train loss 3.8000, val loss 3.7752, lr 4.72e-04 (82.48s)
step 1900: train loss 3.7852, val loss 3.7819, lr 4.75e-04 (213.20s)
💾 Sauvegarde du checkpoint...
step 1910: train loss 3.7386, val loss 3.8270, lr 4.77e-04 (81.96s)
step 1920: train loss 3.7245, val loss 3.7324, lr 4.80e-04 (81.42s)
step 1930: train loss 3.7327, val loss 3.7390, lr 4.82e-04 (81.24s)
step 1940: train loss 3.7528, val loss 3.7250, lr 4.85e-04 (80.60s)
step 1950: train loss 3.7164, val loss 3.7217, lr 4.87e-04 (81.74s)
step 1960: train loss 3.7123, val loss 3.7079, lr 4.90e-04 (82.24s)
step 1970: train loss 3.7375, val loss 3.6959, lr 4.92e-04 (82.42s)
step 1980: train loss 3.6970, val loss 3.7286, lr 4.95e-04 (84.37s)
step 1990: train loss 3.6594, val loss 3.7254, lr 4.97e-04 (83.39s)
step 2000: train loss 3.7593, val loss 3.7051, lr 5.00e-04 (84.08s)
💾 Sauvegarde du checkpoint...
