🚀 Initialisation de l'entraînement sur MPS...
✅ Tokenizer chargé (Vocab: 30256)
🚀 Device: mps
Dtype du modèle : torch.float32
📥 Chargement du checkpoint : model/my_wiki.pth
✅ Modèle restauré. (Fichiers déjà traités : 0)
🚀 Dataset Train: 1526.63M tokens.
✅ Provider HP initialisé : 5963390 blocs uniques.
🔄 Reprise au step 28800
🚀 Init terminé.
📦 Démarrage du mode binaire (Continuous Training)
🌡️  Surveillance Mac Pro : Maintenir sous 75°C idéalement.
[96m[Model config][0m
  n_embd             : 384[0m
  num_heads          : 6[0m
  n_layers           : 6[0m
  block_size         : 256[0m
  dropout            : [93m0.15[0m
[96m[Train params][0m
  batch_size         : 32[0m
  grad_accum_steps   : 4[0m
  learning_rate      : [92m0.0003[0m
  min_lr             : 3e-05[0m
  warmup_iters       : 2000[0m
  lr_decay_iters     : 75000[0m
  eval_interval      : [92m300[0m
  eval_iters         : 20[0m
  save_interval      : 300[0m
  n_version          : 10[0m
  [1mEffective Batch Size: 128[0m
..................................................

📦 Démarrage Training sur 3Go (Mode Continu)
   ▶️ Reprise au step : 28800
   📉 Evaluation tous les : 300 steps
   💾 Sauvegarde tous les : 300 steps
🟢 RAM Système: 56.6% | Process: 502Mo | Swap: 2542Mo
step 29100: train loss 2.8231, val loss 2.7469, lr 2.18e-04 (1510.42s) | 🟡78.6 Mémoire allouée MPS : 1006.74 MB
 | 💾 | 🗑️ | ✨
step 29400: train loss 2.7675, val loss 2.7736, lr 2.17e-04 (1501.32s) | 🟡77.0 Mémoire allouée MPS : 1010.60 MB
 | 💾 | 🗑️ | ✨
step 29700: train loss 2.7472, val loss 2.7142, lr 2.15e-04 (1556.93s) | 🟡76.1 Mémoire allouée MPS : 1014.77 MB
 | 💾 | 🗑️ | ✨
step 30000: train loss 2.7937, val loss 2.7893, lr 2.13e-04 (1552.72s) | 🟡76.8 Mémoire allouée MPS : 1014.77 MB
 | 💾 | 🗑️ | ✨
step 30300: train loss 2.8058, val loss 2.7630, lr 2.12e-04 (1571.18s) | 🟡77.5 Mémoire allouée MPS : 1014.77 MB
 | 💾 | 🗑️ | ✨
step 30600: train loss 2.7484, val loss 2.7963, lr 2.10e-04 (1553.40s) | 🟡77.6 Mémoire allouée MPS : 1014.77 MB
 | 💾 | 🗑️ | ✨
step 30900: train loss 2.7636, val loss 2.6945, lr 2.08e-04 (1560.28s) | 🟡77.7 Mémoire allouée MPS : 1014.77 MB
 | 💾 | 🗑️ | ✨
step 31200: train loss 2.7355, val loss 2.6895, lr 2.07e-04 (1554.20s) | 🟡81.7 Mémoire allouée MPS : 1014.77 MB
 | 💾 | 🗑️ | ✨
step 31500: train loss 2.7806, val loss 2.7802, lr 2.05e-04 (1552.75s) | 🟡79.2 Mémoire allouée MPS : 1014.77 MB
 | 💾 | 🗑️ | ✨
step 31800: train loss 2.7161, val loss 2.7807, lr 2.03e-04 (1557.06s) | 🟡72.5 Mémoire allouée MPS : 1014.77 MB
 | 💾 | 🗑️ | ✨
step 32100: train loss 2.7749, val loss 2.7670, lr 2.02e-04 (1551.85s) | 🟡76.7 Mémoire allouée MPS : 1014.77 MB
 | 💾 | 🗑️ | ✨
step 32400: train loss 2.7641, val loss 2.8123, lr 2.00e-04 (1557.10s) | 🟡77.0 Mémoire allouée MPS : 1014.77 MB
 | 💾 | 🗑️ | ✨
step 32700: train loss 2.6955, val loss 2.7377, lr 1.98e-04 (1555.51s) | 🟡78.8 Mémoire allouée MPS : 1014.77 MB
 | 💾 | 🗑️ | ✨
step 33000: train loss 2.6808, val loss 2.7912, lr 1.97e-04 (1555.95s) | 🟡76.8 Mémoire allouée MPS : 1014.77 MB
 | 💾 | 🗑️ | ✨
step 33300: train loss 2.7774, val loss 2.6916, lr 1.95e-04 (1573.69s) | 🟡82.4 Mémoire allouée MPS : 1014.77 MB
 | 💾 | 🗑️ | ✨
step 33600: train loss 2.7776, val loss 2.6547, lr 1.93e-04 (1553.21s) | 🟡83.0 Mémoire allouée MPS : 1014.77 MB
 | 💾 | 🗑️ | ✨
step 33900: train loss 2.7388, val loss 2.7562, lr 1.92e-04 (1569.36s) | 🟡82.7 Mémoire allouée MPS : 1014.77 MB
 | 💾 | 🗑️ | ✨
step 34200: train loss 2.6784, val loss 2.7272, lr 1.90e-04 (1552.14s) | 🟡80.4 Mémoire allouée MPS : 1014.77 MB
 | 💾 | 🗑️ | ✨
step 34500: train loss 2.7518, val loss 2.7275, lr 1.88e-04 (1553.97s) | 🟡77.0 Mémoire allouée MPS : 1014.77 MB
 | 💾 | 🗑️ | ✨
step 34800: train loss 2.7201, val loss 2.7521, lr 1.86e-04 (1544.12s) | 🟡77.3 Mémoire allouée MPS : 1014.77 MB
 | 💾 | 🗑️ | ✨
step 35100: train loss 2.8186, val loss 2.7216, lr 1.85e-04 (1864.29s) | 🟡77.3 Mémoire allouée MPS : 1014.77 MB
 | 💾 | 🗑️ | ✨
step 35400: train loss 2.7316, val loss 2.7275, lr 1.83e-04 (1531.85s) | 🟡79.6 Mémoire allouée MPS : 1014.77 MB
 | 💾 | 🗑️ | ✨
step 35700: train loss 2.6583, val loss 2.6699, lr 1.81e-04 (1551.42s) | 🟡80.3 Mémoire allouée MPS : 1014.77 MB
 | 💾 | 🗑️ | ✨
step 36000: train loss 2.7051, val loss 2.7546, lr 1.80e-04 (1572.67s) | 🟡78.9 Mémoire allouée MPS : 1014.77 MB
 | 💾 | 🗑️ | ✨
step 36300: train loss 2.7121, val loss 2.6960, lr 1.78e-04 (1551.09s) | 🟡74.4 Mémoire allouée MPS : 1014.77 MB
 | 💾 | 🗑️ | ✨
step 36600: train loss 2.7339, val loss 2.7872, lr 1.76e-04 (1553.54s) | 🟡80.7 Mémoire allouée MPS : 1014.77 MB
 | 💾 | 🗑️ | ✨
step 36900: train loss 2.7742, val loss 2.6858, lr 1.74e-04 (1512.27s) | 🟡80.2 Mémoire allouée MPS : 1014.77 MB
 | 💾 | 🗑️ | ✨
step 37200: train loss 2.7590, val loss 2.6587, lr 1.73e-04 (1520.62s) | 🟡82.4 Mémoire allouée MPS : 1014.77 MB
 | 💾 | 🗑️ | ✨
